C:/TouchGFXProjects/MyApplication_6/Drivers/BSP/Components/lis2mdl/lis2mdl.c:281:9:LIS2MDL_GetCapabilities	0	static
C:/TouchGFXProjects/MyApplication_6/Drivers/BSP/Components/lis2mdl/lis2mdl.c:397:9:LIS2MDL_MAG_GetSensitivity	0	static
C:/TouchGFXProjects/MyApplication_6/Drivers/BSP/Components/lis2mdl/lis2mdl.c:500:9:LIS2MDL_MAG_GetFullScale	0	static
C:/TouchGFXProjects/MyApplication_6/Drivers/BSP/Components/lis2mdl/lis2mdl.c:515:9:LIS2MDL_MAG_SetFullScale	0	static
C:/TouchGFXProjects/MyApplication_6/Drivers/BSP/Components/lis2mdl/lis2mdl.c:758:16:ReadMagRegWrap	12	static
C:/TouchGFXProjects/MyApplication_6/Drivers/BSP/Components/lis2mdl/lis2mdl.c:786:16:WriteMagRegWrap	12	static
C:/TouchGFXProjects/MyApplication_6/Drivers/BSP/Components/lis2mdl/lis2mdl.c:814:16:LSM6DSOX_SENSORHUB_LIS2MDL_ReadShData	48	static
C:/TouchGFXProjects/MyApplication_6/Drivers/BSP/Components/lis2mdl/lis2mdl.c:255:9:LIS2MDL_ReadID	8	static
C:/TouchGFXProjects/MyApplication_6/Drivers/BSP/Components/lis2mdl/lis2mdl.c:412:9:LIS2MDL_MAG_GetOutputDataRate	16	static
C:/TouchGFXProjects/MyApplication_6/Drivers/BSP/Components/lis2mdl/lis2mdl.c:529:9:LIS2MDL_MAG_GetAxesRaw	16	static
C:/TouchGFXProjects/MyApplication_6/Drivers/BSP/Components/lis2mdl/lis2mdl.c:553:9:LIS2MDL_MAG_GetAxes	24	static
C:/TouchGFXProjects/MyApplication_6/Drivers/BSP/Components/lis2mdl/lis2mdl.c:947:16:LSM6DSOX_SENSORHUB_LIS2MDL_WriteShData.constprop	40	static
C:/TouchGFXProjects/MyApplication_6/Drivers/BSP/Components/lis2mdl/lis2mdl.c:455:9:LIS2MDL_MAG_SetOutputDataRate	24	static
C:/TouchGFXProjects/MyApplication_6/Drivers/BSP/Components/lis2mdl/lis2mdl.c:350:9:LIS2MDL_MAG_Disable	16	static
C:/TouchGFXProjects/MyApplication_6/Drivers/BSP/Components/lis2mdl/lis2mdl.c:236:9:LIS2MDL_DeInit	8	static
C:/TouchGFXProjects/MyApplication_6/Drivers/BSP/Components/lis2mdl/lis2mdl.c:304:9:LIS2MDL_MAG_Enable	16	static
C:/TouchGFXProjects/MyApplication_6/Drivers/BSP/Components/lis2mdl/lis2mdl.c:160:9:LIS2MDL_Init	24	static
C:/TouchGFXProjects/MyApplication_6/Drivers/BSP/Components/lis2mdl/lis2mdl.c:600:9:LIS2MDL_Read_Reg	8	static
C:/TouchGFXProjects/MyApplication_6/Drivers/BSP/Components/lis2mdl/lis2mdl.c:627:9:LIS2MDL_Write_Reg	16	static
C:/TouchGFXProjects/MyApplication_6/Drivers/BSP/Components/lis2mdl/lis2mdl.c:86:9:LIS2MDL_RegisterBusIO	8	static
C:/TouchGFXProjects/MyApplication_6/Drivers/BSP/Components/lis2mdl/lis2mdl.c:653:9:LIS2MDL_MAG_Set_SelfTest	8	static
C:/TouchGFXProjects/MyApplication_6/Drivers/BSP/Components/lis2mdl/lis2mdl.c:669:9:LIS2MDL_MAG_Get_DRDY_Status	16	static
C:/TouchGFXProjects/MyApplication_6/Drivers/BSP/Components/lis2mdl/lis2mdl.c:698:9:LIS2MDL_MAG_Get_Init_Status	0	static
C:/TouchGFXProjects/MyApplication_6/Drivers/BSP/Components/lis2mdl/lis2mdl.c:716:9:LIS2MDL_MAG_Set_Filter_Mode	8	static
C:/TouchGFXProjects/MyApplication_6/Drivers/BSP/Components/lis2mdl/lis2mdl.c:732:9:LIS2MDL_MAG_Set_Power_Mode	8	static
