C:/TouchGFXProjects/MyApplication_6/Drivers/BSP/Components/stts751/stts751.c:198:9:STTS751_GetCapabilities	0	static
C:/TouchGFXProjects/MyApplication_6/Drivers/BSP/Components/stts751/stts751.c:657:16:ReadRegWrap	32	static
C:/TouchGFXProjects/MyApplication_6/Drivers/BSP/Components/stts751/stts751.c:686:16:WriteRegWrap	32	static
C:/TouchGFXProjects/MyApplication_6/Drivers/BSP/Components/stts751/stts751.c:120:9:STTS751_Init	16	static
C:/TouchGFXProjects/MyApplication_6/Drivers/BSP/Components/stts751/stts751.c:178:9:STTS751_ReadID	16	static
C:/TouchGFXProjects/MyApplication_6/Drivers/BSP/Components/stts751/stts751.c:293:9:STTS751_TEMP_GetOutputDataRate	16	static
C:/TouchGFXProjects/MyApplication_6/Drivers/BSP/Components/stts751/stts751.c:262:9:STTS751_TEMP_Disable	8	static
C:/TouchGFXProjects/MyApplication_6/Drivers/BSP/Components/stts751/stts751.c:156:9:STTS751_DeInit	8	static
C:/TouchGFXProjects/MyApplication_6/Drivers/BSP/Components/stts751/stts751.c:364:9:STTS751_TEMP_SetOutputDataRate	24	static
C:/TouchGFXProjects/MyApplication_6/Drivers/BSP/Components/stts751/stts751.c:238:9:STTS751_TEMP_Enable	8	static
C:/TouchGFXProjects/MyApplication_6/Drivers/BSP/Components/stts751/stts751.c:420:9:STTS751_TEMP_GetTemperature	24	static
C:/TouchGFXProjects/MyApplication_6/Drivers/BSP/Components/stts751/stts751.c:79:9:STTS751_RegisterBusIO	0	static
C:/TouchGFXProjects/MyApplication_6/Drivers/BSP/Components/stts751/stts751.c:221:9:STTS751_Get_Init_Status	0	static
C:/TouchGFXProjects/MyApplication_6/Drivers/BSP/Components/stts751/stts751.c:441:9:STTS751_TEMP_Get_DRDY_Status	16	static
C:/TouchGFXProjects/MyApplication_6/Drivers/BSP/Components/stts751/stts751.c:468:9:STTS751_TEMP_SetHighTemperatureThreshold	8	static
C:/TouchGFXProjects/MyApplication_6/Drivers/BSP/Components/stts751/stts751.c:489:9:STTS751_TEMP_SetLowTemperatureThreshold	8	static
C:/TouchGFXProjects/MyApplication_6/Drivers/BSP/Components/stts751/stts751.c:512:9:STTS751_TEMP_GetTemperatureLimitStatus	24	static
C:/TouchGFXProjects/MyApplication_6/Drivers/BSP/Components/stts751/stts751.c:547:9:STTS751_TEMP_SetEventPin	8	static
C:/TouchGFXProjects/MyApplication_6/Drivers/BSP/Components/stts751/stts751.c:570:9:STTS751_Read_Reg	8	static
C:/TouchGFXProjects/MyApplication_6/Drivers/BSP/Components/stts751/stts751.c:587:9:STTS751_Write_Reg	16	static
C:/TouchGFXProjects/MyApplication_6/Drivers/BSP/Components/stts751/stts751.c:602:9:STTS751_Set_One_Shot	8	static
C:/TouchGFXProjects/MyApplication_6/Drivers/BSP/Components/stts751/stts751.c:619:9:STTS751_Get_One_Shot_Status	0	static
