C:/TouchGFXProjects/MyApplication_6/Drivers/BSP/Components/stts751/stts751_reg.c:48:16:stts751_read_reg	4	static
C:/TouchGFXProjects/MyApplication_6/Drivers/BSP/Components/stts751/stts751_reg.c:74:16:stts751_write_reg	4	static
C:/TouchGFXProjects/MyApplication_6/Drivers/BSP/Components/stts751/stts751_reg.c:103:9:stts751_from_lsb_to_celsius	0	static
C:/TouchGFXProjects/MyApplication_6/Drivers/BSP/Components/stts751/stts751_reg.c:125:9:stts751_from_celsius_to_lsb	0	static
C:/TouchGFXProjects/MyApplication_6/Drivers/BSP/Components/stts751/stts751_reg.c:151:9:stts751_temp_data_rate_set	24	static
C:/TouchGFXProjects/MyApplication_6/Drivers/BSP/Components/stts751/stts751_reg.c:198:9:stts751_temp_data_rate_get	24	static
C:/TouchGFXProjects/MyApplication_6/Drivers/BSP/Components/stts751/stts751_reg.c:280:9:stts751_resolution_set	24	static
C:/TouchGFXProjects/MyApplication_6/Drivers/BSP/Components/stts751/stts751_reg.c:304:9:stts751_resolution_get	16	static
C:/TouchGFXProjects/MyApplication_6/Drivers/BSP/Components/stts751/stts751_reg.c:345:9:stts751_status_reg_get	8	static
C:/TouchGFXProjects/MyApplication_6/Drivers/BSP/Components/stts751/stts751_reg.c:363:9:stts751_flag_busy_get	16	static
C:/TouchGFXProjects/MyApplication_6/Drivers/BSP/Components/stts751/stts751_reg.c:395:9:stts751_temperature_raw_get	24	static
C:/TouchGFXProjects/MyApplication_6/Drivers/BSP/Components/stts751/stts751_reg.c:434:9:stts751_pin_event_route_set	24	static
C:/TouchGFXProjects/MyApplication_6/Drivers/BSP/Components/stts751/stts751_reg.c:458:9:stts751_pin_event_route_get	16	static
C:/TouchGFXProjects/MyApplication_6/Drivers/BSP/Components/stts751/stts751_reg.c:490:9:stts751_high_temperature_threshold_set	16	static
C:/TouchGFXProjects/MyApplication_6/Drivers/BSP/Components/stts751/stts751_reg.c:512:9:stts751_high_temperature_threshold_get	16	static
C:/TouchGFXProjects/MyApplication_6/Drivers/BSP/Components/stts751/stts751_reg.c:534:9:stts751_low_temperature_threshold_set	16	static
C:/TouchGFXProjects/MyApplication_6/Drivers/BSP/Components/stts751/stts751_reg.c:556:9:stts751_low_temperature_threshold_get	16	static
C:/TouchGFXProjects/MyApplication_6/Drivers/BSP/Components/stts751/stts751_reg.c:591:9:stts751_ota_thermal_limit_set	16	static
C:/TouchGFXProjects/MyApplication_6/Drivers/BSP/Components/stts751/stts751_reg.c:608:9:stts751_ota_thermal_limit_get	8	static
C:/TouchGFXProjects/MyApplication_6/Drivers/BSP/Components/stts751/stts751_reg.c:626:9:stts751_ota_thermal_hyst_set	16	static
C:/TouchGFXProjects/MyApplication_6/Drivers/BSP/Components/stts751/stts751_reg.c:645:9:stts751_ota_thermal_hyst_get	8	static
C:/TouchGFXProjects/MyApplication_6/Drivers/BSP/Components/stts751/stts751_reg.c:675:9:stts751_smbus_timeout_set	24	static
C:/TouchGFXProjects/MyApplication_6/Drivers/BSP/Components/stts751/stts751_reg.c:700:9:stts751_smbus_timeout_get	16	static
C:/TouchGFXProjects/MyApplication_6/Drivers/BSP/Components/stts751/stts751_reg.c:719:9:stts751_device_id_get	16	static
