C:/TouchGFXProjects/MyApplication_6/Drivers/BSP/IKS01A3/iks01a3_env_sensors.c:138:9:IKS01A3_ENV_SENSOR_Init	88	static
C:/TouchGFXProjects/MyApplication_6/Drivers/BSP/IKS01A3/iks01a3_env_sensors.c:585:9:IKS01A3_ENV_SENSOR_DeInit	8	static
C:/TouchGFXProjects/MyApplication_6/Drivers/BSP/IKS01A3/iks01a3_env_sensors.c:611:9:IKS01A3_ENV_SENSOR_GetCapabilities	8	static
C:/TouchGFXProjects/MyApplication_6/Drivers/BSP/IKS01A3/iks01a3_env_sensors.c:637:9:IKS01A3_ENV_SENSOR_ReadID	8	static
C:/TouchGFXProjects/MyApplication_6/Drivers/BSP/IKS01A3/iks01a3_env_sensors.c:663:9:IKS01A3_ENV_SENSOR_Enable	8	static
C:/TouchGFXProjects/MyApplication_6/Drivers/BSP/IKS01A3/iks01a3_env_sensors.c:699:9:IKS01A3_ENV_SENSOR_Disable	8	static
C:/TouchGFXProjects/MyApplication_6/Drivers/BSP/IKS01A3/iks01a3_env_sensors.c:736:9:IKS01A3_ENV_SENSOR_GetOutputDataRate	8	static
C:/TouchGFXProjects/MyApplication_6/Drivers/BSP/IKS01A3/iks01a3_env_sensors.c:773:9:IKS01A3_ENV_SENSOR_SetOutputDataRate	8	static
C:/TouchGFXProjects/MyApplication_6/Drivers/BSP/IKS01A3/iks01a3_env_sensors.c:810:9:IKS01A3_ENV_SENSOR_GetValue	8	static
