C:/TouchGFXProjects/MyApplication_6/Core/Src/main.c:865:6:StartDefaultTask	8	static
C:/TouchGFXProjects/MyApplication_6/Core/Src/main.c:147:1:__io_putchar	16	static
C:/TouchGFXProjects/MyApplication_6/Core/Src/main.c:153:1:__io_getchar	16	static
C:/TouchGFXProjects/MyApplication_6/Core/Src/main.c:301:6:SystemClock_Config	88	static
C:/TouchGFXProjects/MyApplication_6/Core/Src/main.c:779:7:ACCEL_SENSOR_GetValue	40	static
C:/TouchGFXProjects/MyApplication_6/Core/Src/main.c:787:6:BUZZER_control	0	static
C:/TouchGFXProjects/MyApplication_6/Core/Src/main.c:791:10:TEMP_SENSOR_GetValue	8	static
C:/TouchGFXProjects/MyApplication_6/Core/Src/main.c:796:6:GetManufacturerId	72	static
C:/TouchGFXProjects/MyApplication_6/Core/Src/main.c:826:6:EnableMemoryMappedMode	72	static
C:/TouchGFXProjects/MyApplication_6/Core/Src/main.c:172:5:main	120	static,ignoring_inline_asm
C:/TouchGFXProjects/MyApplication_6/Core/Src/main.c:921:6:HAL_TIM_PeriodElapsedCallback	0	static
C:/TouchGFXProjects/MyApplication_6/Core/Src/main.c:939:6:Error_Handler	0	static
