C:/TouchGFXProjects/MyApplication_6/Core/Src/main.c:865:6:StartDefaultTask	1
C:/TouchGFXProjects/MyApplication_6/Core/Src/main.c:147:1:__io_putchar	1
C:/TouchGFXProjects/MyApplication_6/Core/Src/main.c:153:1:__io_getchar	1
C:/TouchGFXProjects/MyApplication_6/Core/Src/main.c:301:6:SystemClock_Config	1
C:/TouchGFXProjects/MyApplication_6/Core/Src/main.c:779:7:ACCEL_SENSOR_GetValue	1
C:/TouchGFXProjects/MyApplication_6/Core/Src/main.c:787:6:BUZZER_control	1
C:/TouchGFXProjects/MyApplication_6/Core/Src/main.c:791:10:TEMP_SENSOR_GetValue	1
C:/TouchGFXProjects/MyApplication_6/Core/Src/main.c:796:6:GetManufacturerId	1
C:/TouchGFXProjects/MyApplication_6/Core/Src/main.c:826:6:EnableMemoryMappedMode	1
C:/TouchGFXProjects/MyApplication_6/Core/Src/main.c:172:5:main	7
C:/TouchGFXProjects/MyApplication_6/Core/Src/main.c:921:6:HAL_TIM_PeriodElapsedCallback	2
C:/TouchGFXProjects/MyApplication_6/Core/Src/main.c:939:6:Error_Handler	1
