../../Middlewares/ST/touchgfx/framework/include/touchgfx/Screen.hpp:104:18:virtual void touchgfx::Screen::afterTransition()	0	static
../../Middlewares/ST/touchgfx/framework/include/touchgfx/Screen.hpp:144:18:virtual void touchgfx::Screen::handleTickEvent()	0	static
../../Middlewares/ST/touchgfx/framework/include/touchgfx/Screen.hpp:154:18:virtual void touchgfx::Screen::handleKeyEvent(uint8_t)	0	static
C:/TouchGFXProjects/MyApplication_6/TouchGFX/gui/src/main_screen/MainView.cpp:18:6:virtual void MainView::tearDownScreen()	0	static
../../TouchGFX/gui/include/gui/main_screen/MainView.hpp:17:13:MainView::~MainView()	8	static
../../TouchGFX/gui/include/gui/main_screen/MainView.hpp:17:13:virtual MainView::~MainView()	8	static
C:/TouchGFXProjects/MyApplication_6/TouchGFX/gui/src/main_screen/MainView.cpp:7:1:MainView::MainView()	8	static
C:/TouchGFXProjects/MyApplication_6/TouchGFX/gui/src/main_screen/MainView.cpp:13:6:virtual void MainView::setupScreen()	0	static
C:/TouchGFXProjects/MyApplication_6/TouchGFX/gui/src/main_screen/MainView.cpp:23:6:void MainView::setJunctionAccelValue(float)	32	static
C:/TouchGFXProjects/MyApplication_6/TouchGFX/gui/src/main_screen/MainView.cpp:48:6:void MainView::setJunctionTempValue(uint32_t)	16	static
