../../TouchGFX/gui/include/gui/main_screen/MainPresenter.hpp:28:13:MainPresenter::~MainPresenter()	0	static
C:/TouchGFXProjects/MyApplication_6/TouchGFX/gui/src/main_screen/MainPresenter.cpp:15:6:virtual void MainPresenter::deactivate()	0	static
../../TouchGFX/gui/include/gui/main_screen/MainPresenter.hpp:28:13:virtual MainPresenter::~MainPresenter()	8	static
C:/TouchGFXProjects/MyApplication_6/TouchGFX/gui/src/main_screen/MainPresenter.cpp:10:6:virtual void MainPresenter::activate()	0	static
C:/TouchGFXProjects/MyApplication_6/TouchGFX/gui/src/main_screen/MainPresenter.cpp:20:6:virtual void MainPresenter::newJunctionAccelValue(float)	0	static
C:/TouchGFXProjects/MyApplication_6/TouchGFX/gui/src/main_screen/MainPresenter.cpp:25:6:virtual void MainPresenter::newJunctionTempValue(uint32_t)	0	static
../../TouchGFX/gui/include/gui/main_screen/MainPresenter.hpp:28:13:virtual void* MainPresenter::_ZThn4_N13MainPresenterD1Ev()	0	static
C:/TouchGFXProjects/MyApplication_6/TouchGFX/gui/src/main_screen/MainPresenter.cpp:4:1:MainPresenter::MainPresenter(MainView&)	0	static
